// Jest Snapshot v1, https://goo.gl/fbAQLP

exports[`renders without error 1`] = `
<div
  className="searchResult"
  data-cy="search_results"
/>
`;
